Processing reterminal_e1004 (platform: espressif32; board: seeed_xiao_esp32s3; framework: arduino)
--------------------------------------------------------------------------------
Verbose mode can be enabled via `-v, --verbose` option
CONFIGURATION: https://docs.platformio.org/page/boards/espressif32/seeed_xiao_esp32s3.html
PLATFORM: Espressif 32 (6.11.0) > Seeed Studio XIAO ESP32S3
HARDWARE: ESP32S3 240MHz, 320KB RAM, 8MB Flash
DEBUG: Current (cmsis-dap) External (cmsis-dap, esp-bridge, esp-builtin, esp-prog, iot-bus-jtag, jlink, minimodule, olimex-arm-usb-ocd, olimex-arm-usb-ocd-h, olimex-arm-usb-tiny-h, olimex-jtag-tiny, tumpa)
PACKAGES: 
 - framework-arduinoespressif32 @ 3.20017.241212+sha.dcc1105b 
 - tool-esptoolpy @ 1.40501.0 (4.5.1) 
 - toolchain-riscv32-esp @ 8.4.0+2021r2-patch5 
 - toolchain-xtensa-esp32s3 @ 8.4.0+2021r2-patch5
LDF: Library Dependency Finder -> https://bit.ly/configure-pio-ldf
LDF Modes: Finder ~ chain, Compatibility ~ soft
Found 37 compatible libraries
Scanning dependencies...
Dependency Graph
|-- Seeed_GFX @ 2.0.3+sha.a2de1ab
|-- ArduinoJson @ 7.4.3
|-- PNGdec @ 1.1.6
|-- FS @ 2.0.0
|-- HTTPClient @ 2.0.0
|-- SD @ 2.0.0
|-- WiFi @ 2.0.0
|-- WiFiClientSecure @ 2.0.0
|-- palette_dither
|-- Wire @ 2.0.0
Building in release mode
Retrieving maximum program size .pio\build\reterminal_e1004\firmware.elf
Checking size .pio\build\reterminal_e1004\firmware.elf
Advanced Memory Usage is available via "PlatformIO Home > Project Inspect"
RAM:   [===       ]  28.0% (used 91788 bytes from 327680 bytes)
Flash: [===       ]  32.0% (used 1070165 bytes from 3342336 bytes)
========================= [SUCCESS] Took 4.65 seconds =========================
