Processing reterminal_e1004 (platform: espressif32; board: seeed_xiao_esp32s3; framework: arduino)
--------------------------------------------------------------------------------
Verbose mode can be enabled via `-v, --verbose` option
CONFIGURATION: https://docs.platformio.org/page/boards/espressif32/seeed_xiao_esp32s3.html
PLATFORM: Espressif 32 (6.11.0) > Seeed Studio XIAO ESP32S3
HARDWARE: ESP32S3 240MHz, 320KB RAM, 8MB Flash
DEBUG: Current (cmsis-dap) External (cmsis-dap, esp-bridge, esp-builtin, esp-prog, iot-bus-jtag, jlink, minimodule, olimex-arm-usb-ocd, olimex-arm-usb-ocd-h, olimex-arm-usb-tiny-h, olimex-jtag-tiny, tumpa)
PACKAGES: 
 - framework-arduinoespressif32 @ 3.20017.241212+sha.dcc1105b 
 - tool-esptoolpy @ 1.40501.0 (4.5.1) 
 - toolchain-riscv32-esp @ 8.4.0+2021r2-patch5 
 - toolchain-xtensa-esp32s3 @ 8.4.0+2021r2-patch5
LDF: Library Dependency Finder -> https://bit.ly/configure-pio-ldf
LDF Modes: Finder ~ chain, Compatibility ~ soft
Found 37 compatible libraries
Scanning dependencies...
Dependency Graph
|-- Seeed_GFX @ 2.0.3+sha.a2de1ab
|-- ArduinoJson @ 7.4.3
|-- PNGdec @ 1.1.6
|-- FS @ 2.0.0
|-- HTTPClient @ 2.0.0
|-- SD @ 2.0.0
|-- WiFi @ 2.0.0
|-- WiFiClientSecure @ 2.0.0
|-- palette_dither
|-- Wire @ 2.0.0
Building in release mode
Compiling .pio\build\reterminal_e1004\src\ai_image.cpp.o
Compiling .pio\build\reterminal_e1004\src\battery.cpp.o
Compiling .pio\build\reterminal_e1004\src\display_mgr.cpp.o
Compiling .pio\build\reterminal_e1004\src\main.cpp.o
Compiling .pio\build\reterminal_e1004\src\pipeline.cpp.o
Compiling .pio\build\reterminal_e1004\src\prompt.cpp.o
Compiling .pio\build\reterminal_e1004\src\sdcard_mgr.cpp.o
Compiling .pio\build\reterminal_e1004\src\time_mgr.cpp.o
Compiling .pio\build\reterminal_e1004\src\weather.cpp.o
Compiling .pio\build\reterminal_e1004\src\wifi_mgr.cpp.o
Building .pio\build\reterminal_e1004\bootloader.bin
Generating partitions .pio\build\reterminal_e1004\partitions.bin
esptool.py v4.5.1
Creating esp32s3 image...
Merged 1 ELF section
Successfully created esp32s3 image.
Compiling .pio\build\reterminal_e1004\liba88\SPI\SPI.cpp.o
Compiling .pio\build\reterminal_e1004\lib4a4\FS\FS.cpp.o
In file included from src/display_mgr.h:3,
                 from src/display_mgr.cpp:1:
.pio/libdeps/reterminal_e1004/Seeed_GFX/TFT_eSPI.h:1084:2: warning: #warning >>>>------>> TOUCH_CS pin not defined, TFT_eSPI touch functions will not be available! [-Wcpp]
 #warning>>>>------>> TOUCH_CS pin not defined, TFT_eSPI touch functions will not be available!
  ^~~~~~~
Compiling .pio\build\reterminal_e1004\lib4a4\FS\vfs_api.cpp.o
In file included from src/display_mgr.h:3,
                 from src/pipeline.cpp:4:
.pio/libdeps/reterminal_e1004/Seeed_GFX/TFT_eSPI.h:1084:2: warning: #warning >>>>------>> TOUCH_CS pin not defined, TFT_eSPI touch functions will not be available! [-Wcpp]
 #warning>>>>------>> TOUCH_CS pin not defined, TFT_eSPI touch functions will not be available!
  ^~~~~~~
In file included from src/display_mgr.h:3,
                 from src/main.cpp:10:
.pio/libdeps/reterminal_e1004/Seeed_GFX/TFT_eSPI.h:1084:2: warning: #warning >>>>------>> TOUCH_CS pin not defined, TFT_eSPI touch functions will not be available! [-Wcpp]
 #warning>>>>------>> TOUCH_CS pin not defined, TFT_eSPI touch functions will not be available!
  ^~~~~~~
In file included from src/display_mgr.h:3,
                 from src/sdcard_mgr.cpp:5:
.pio/libdeps/reterminal_e1004/Seeed_GFX/TFT_eSPI.h:1084:2: warning: #warning >>>>------>> TOUCH_CS pin not defined, TFT_eSPI touch functions will not be available! [-Wcpp]
 #warning>>>>------>> TOUCH_CS pin not defined, TFT_eSPI touch functions will not be available!
  ^~~~~~~
Compiling .pio\build\reterminal_e1004\libfa5\SPIFFS\SPIFFS.cpp.o
Compiling .pio\build\reterminal_e1004\lib572\LittleFS\LittleFS.cpp.o
Compiling .pio\build\reterminal_e1004\libbaf\Wire\Wire.cpp.o
Compiling .pio\build\reterminal_e1004\libe25\Seeed_GFX\TFT_eSPI.cpp.o
Archiving .pio\build\reterminal_e1004\liba88\libSPI.a
Compiling .pio\build\reterminal_e1004\lib3fc\PNGdec\PNGdec.cpp.o
Compiling .pio\build\reterminal_e1004\lib3fc\PNGdec\adler32.c.o
Compiling .pio\build\reterminal_e1004\lib3fc\PNGdec\crc32.c.o
Compiling .pio\build\reterminal_e1004\lib3fc\PNGdec\infback.c.o
Compiling .pio\build\reterminal_e1004\lib3fc\PNGdec\inffast.c.o
Compiling .pio\build\reterminal_e1004\lib3fc\PNGdec\inflate.c.o
Compiling .pio\build\reterminal_e1004\lib3fc\PNGdec\inftrees.c.o
Compiling .pio\build\reterminal_e1004\lib3fc\PNGdec\s3_simd_rgb565.S.o
Compiling .pio\build\reterminal_e1004\lib3fc\PNGdec\zutil.c.o
Compiling .pio\build\reterminal_e1004\lib4a5\WiFi\WiFi.cpp.o
Archiving .pio\build\reterminal_e1004\lib4a4\libFS.a
Compiling .pio\build\reterminal_e1004\lib4a5\WiFi\WiFiAP.cpp.o
Compiling .pio\build\reterminal_e1004\lib4a5\WiFi\WiFiClient.cpp.o
Archiving .pio\build\reterminal_e1004\libfa5\libSPIFFS.a
Archiving .pio\build\reterminal_e1004\libbaf\libWire.a
Compiling .pio\build\reterminal_e1004\lib4a5\WiFi\WiFiGeneric.cpp.o
Compiling .pio\build\reterminal_e1004\lib4a5\WiFi\WiFiMulti.cpp.o
Archiving .pio\build\reterminal_e1004\lib572\libLittleFS.a
Compiling .pio\build\reterminal_e1004\lib4a5\WiFi\WiFiSTA.cpp.o
Compiling .pio\build\reterminal_e1004\lib4a5\WiFi\WiFiScan.cpp.o
Compiling .pio\build\reterminal_e1004\lib4a5\WiFi\WiFiServer.cpp.o
In file included from .pio/libdeps/reterminal_e1004/Seeed_GFX/TFT_eSPI.cpp:16:
.pio/libdeps/reterminal_e1004/Seeed_GFX/TFT_eSPI.h:1084:2: warning: #warning >>>>------>> TOUCH_CS pin not defined, TFT_eSPI touch functions will not be available! [-Wcpp]
 #warning>>>>------>> TOUCH_CS pin not defined, TFT_eSPI touch functions will not be available!
  ^~~~~~~
Compiling .pio\build\reterminal_e1004\lib4a5\WiFi\WiFiUdp.cpp.o
Compiling .pio\build\reterminal_e1004\lib9c8\WiFiClientSecure\WiFiClientSecure.cpp.o
Archiving .pio\build\reterminal_e1004\lib3fc\libPNGdec.a
Compiling .pio\build\reterminal_e1004\lib9c8\WiFiClientSecure\esp_crt_bundle.c.o
Compiling .pio\build\reterminal_e1004\lib9c8\WiFiClientSecure\ssl_client.cpp.o
Compiling .pio\build\reterminal_e1004\lib6eb\HTTPClient\HTTPClient.cpp.o
Compiling .pio\build\reterminal_e1004\libd99\SD\SD.cpp.o
Compiling .pio\build\reterminal_e1004\libd99\SD\sd_diskio.cpp.o
Compiling .pio\build\reterminal_e1004\libd99\SD\sd_diskio_crc.c.o
Compiling .pio\build\reterminal_e1004\lib2f1\palette_dither\palette_dither.cpp.o
Compiling .pio\build\reterminal_e1004\FrameworkArduino\Esp.cpp.o
Compiling .pio\build\reterminal_e1004\FrameworkArduino\FirmwareMSC.cpp.o
Archiving .pio\build\reterminal_e1004\lib4a5\libWiFi.a
Compiling .pio\build\reterminal_e1004\FrameworkArduino\FunctionalInterrupt.cpp.o
Compiling .pio\build\reterminal_e1004\FrameworkArduino\HWCDC.cpp.o
Compiling .pio\build\reterminal_e1004\FrameworkArduino\HardwareSerial.cpp.o
Compiling .pio\build\reterminal_e1004\FrameworkArduino\IPAddress.cpp.o
Archiving .pio\build\reterminal_e1004\libe25\libSeeed_GFX.a
Compiling .pio\build\reterminal_e1004\FrameworkArduino\IPv6Address.cpp.o
Compiling .pio\build\reterminal_e1004\FrameworkArduino\MD5Builder.cpp.o
Archiving .pio\build\reterminal_e1004\lib2f1\libpalette_dither.a
Archiving .pio\build\reterminal_e1004\lib9c8\libWiFiClientSecure.a
Compiling .pio\build\reterminal_e1004\FrameworkArduino\Print.cpp.o
Compiling .pio\build\reterminal_e1004\FrameworkArduino\Stream.cpp.o
Compiling .pio\build\reterminal_e1004\FrameworkArduino\StreamString.cpp.o
Archiving .pio\build\reterminal_e1004\libd99\libSD.a
Compiling .pio\build\reterminal_e1004\FrameworkArduino\Tone.cpp.o
Compiling .pio\build\reterminal_e1004\FrameworkArduino\USB.cpp.o
Archiving .pio\build\reterminal_e1004\lib6eb\libHTTPClient.a
Compiling .pio\build\reterminal_e1004\FrameworkArduino\USBCDC.cpp.o
Compiling .pio\build\reterminal_e1004\FrameworkArduino\USBMSC.cpp.o
Compiling .pio\build\reterminal_e1004\FrameworkArduino\WMath.cpp.o
Compiling .pio\build\reterminal_e1004\FrameworkArduino\WString.cpp.o
Compiling .pio\build\reterminal_e1004\FrameworkArduino\base64.cpp.o
Compiling .pio\build\reterminal_e1004\FrameworkArduino\cbuf.cpp.o
Compiling .pio\build\reterminal_e1004\FrameworkArduino\esp32-hal-adc.c.o
Compiling .pio\build\reterminal_e1004\FrameworkArduino\esp32-hal-bt.c.o
Compiling .pio\build\reterminal_e1004\FrameworkArduino\esp32-hal-cpu.c.o
Compiling .pio\build\reterminal_e1004\FrameworkArduino\esp32-hal-dac.c.o
Compiling .pio\build\reterminal_e1004\FrameworkArduino\esp32-hal-gpio.c.o
Compiling .pio\build\reterminal_e1004\FrameworkArduino\esp32-hal-i2c-slave.c.o
Compiling .pio\build\reterminal_e1004\FrameworkArduino\esp32-hal-i2c.c.o
Compiling .pio\build\reterminal_e1004\FrameworkArduino\esp32-hal-ledc.c.o
Compiling .pio\build\reterminal_e1004\FrameworkArduino\esp32-hal-matrix.c.o
Compiling .pio\build\reterminal_e1004\FrameworkArduino\esp32-hal-misc.c.o
Compiling .pio\build\reterminal_e1004\FrameworkArduino\esp32-hal-psram.c.o
Compiling .pio\build\reterminal_e1004\FrameworkArduino\esp32-hal-rgb-led.c.o
Compiling .pio\build\reterminal_e1004\FrameworkArduino\esp32-hal-rmt.c.o
Compiling .pio\build\reterminal_e1004\FrameworkArduino\esp32-hal-sigmadelta.c.o
Compiling .pio\build\reterminal_e1004\FrameworkArduino\esp32-hal-spi.c.o
Compiling .pio\build\reterminal_e1004\FrameworkArduino\esp32-hal-time.c.o
Compiling .pio\build\reterminal_e1004\FrameworkArduino\esp32-hal-timer.c.o
Compiling .pio\build\reterminal_e1004\FrameworkArduino\esp32-hal-tinyusb.c.o
Compiling .pio\build\reterminal_e1004\FrameworkArduino\esp32-hal-touch.c.o
Compiling .pio\build\reterminal_e1004\FrameworkArduino\esp32-hal-uart.c.o
Compiling .pio\build\reterminal_e1004\FrameworkArduino\firmware_msc_fat.c.o
Compiling .pio\build\reterminal_e1004\FrameworkArduino\libb64\cdecode.c.o
Compiling .pio\build\reterminal_e1004\FrameworkArduino\libb64\cencode.c.o
Compiling .pio\build\reterminal_e1004\FrameworkArduino\main.cpp.o
Compiling .pio\build\reterminal_e1004\FrameworkArduino\stdlib_noniso.c.o
Compiling .pio\build\reterminal_e1004\FrameworkArduino\wiring_pulse.c.o
Compiling .pio\build\reterminal_e1004\FrameworkArduino\wiring_shift.c.o
Archiving .pio\build\reterminal_e1004\libFrameworkArduino.a
Linking .pio\build\reterminal_e1004\firmware.elf
Retrieving maximum program size .pio\build\reterminal_e1004\firmware.elf
Checking size .pio\build\reterminal_e1004\firmware.elf
Advanced Memory Usage is available via "PlatformIO Home > Project Inspect"
RAM:   [===       ]  32.2% (used 105556 bytes from 327680 bytes)
Flash: [===       ]  32.0% (used 1070257 bytes from 3342336 bytes)
Building .pio\build\reterminal_e1004\firmware.bin
esptool.py v4.5.1
Creating esp32s3 image...
Merged 3 ELF sections
Successfully created esp32s3 image.
========================= [SUCCESS] Took 20.97 seconds =========================
