ESP-ROM:esp32s3-20210327
Build:Mar 27 2021
rst:0x1 (POWERON),boot:0x29 (SPI_FAST_FLASH_BOOT)
SPIWP:0xee
mode:DIO, clock div:1
load:0x3fce3808,len:0x4bc
load:0x403c9700,len:0xbd8
load:0x403cc700,len:0x2a0c
entry 0x403c98d0
=======================================
  reTerminal E1004 AI image
=======================================
[WAKE] cause=0
[RTC] 2026-08-19 05:38:58 (from RTC)
[EPD] initialized (1200x1600)
[BAT] 4052mV -> 91%
[SD] mounted
[WIFI] connected, IP 192.168.1.252
[RTC] NTP sync ok (RTC updated).
[WX] noon entry 0 s from target
[WX] light rain, 23.6 C
[BAT] 4048mV -> 91%
[PROMPT]
Create a portrait artwork in the style of Wassily Kandinsky inspired abstract art with bold shapes.
The scene MUST contain these facts drawn as objects INSIDE the scene, not as text overlays:
- Weekday: Wednesday
- Date: 19 August 2026
- Weather: light rain, 24 C
- Battery: 91%
Integrate them naturally, e.g.:
- date on a calendar page / clock / newspaper within the scene,
- weather shown through the sky and scene details (sun, clouds, rain, snow, wind...),
- battery level as a small battery indicator on a device or object in the scene.
Composition: portrait 3:4, flat bold shapes, limited palette dominated by black, white, red, green, blue and yellow (6-color e-paper). Keep all important content in the central area (edges may be cropped). Text must be legible but stylized. No watermark, no border, no text outside the scene.
[AI] POST /v1/images/generations ...
[AI] response body: 2759236 bytes
ESP-ROM:esp32s3-20210327
Build:Mar 27 2021
rst:0xc (RTC_SW_CPU_RST),boot:0x29 (SPI_FAST_FLASH_BOOT)
Saved PC:0x420b18e6
SPIWP:0xee
mode:DIO, clock div:1
load:0x3fce3808,len:0x4bc
load:0x403c9700,len:0xbd8
load:0x403cc700,len:0x2a0c
entry 0x403c98d0
=======================================
  reTerminal E1004 AI image
=======================================
[WAKE] cause=0
[RTC] 2026-08-19 04:40:09 (from RTC)
[EPD] initialized (1200x1600)
[BAT] 4056mV -> 92%
[SD] mounted
[WIFI] connected, IP 192.168.1.252
[RTC] NTP sync ok (RTC updated).
[WX] noon entry 0 s from target
[WX] light rain, 23.6 C
[BAT] 4034mV -> 90%
[PROMPT]
Create a portrait artwork in the style of Wassily Kandinsky inspired abstract art with bold shapes.
The scene MUST contain these facts drawn as objects INSIDE the scene, not as text overlays:
- Weekday: Wednesday
- Date: 19 August 2026
- Weather: light rain, 24 C
- Battery: 90%
Integrate them naturally, e.g.:
- date on a calendar page / clock / newspaper within the scene,
- weather shown through the sky and scene details (sun, clouds, rain, snow, wind...),
- battery level as a small battery indicator on a device or object in the scene.
Composition: portrait 3:4, flat bold shapes, limited palette dominated by black, white, red, green, blue and yellow (6-color e-paper). Keep all important content in the central area (edges may be cropped). Text must be legible but stylized. No watermark, no border, no text outside the scene.
[AI] POST /v1/images/generations ...
[AI] response body: 2892908 bytes
ESP-ROM:esp32s3-20210327
Build:Mar 27 2021
rst:0xc (RTC_SW_CPU_RST),boot:0x29 (SPI_FAST_FLASH_BOOT)
Saved PC:0x420b18e6
SPIWP:0xee
mode:DIO, clock div:1
load:0x3fce3808,len:0x4bc
load:0x403c9700,len:0xbd8
load:0x403cc700,len:0x2a0c
entry 0x403c98d0
=======================================
  reTerminal E1004 AI image
=======================================
[WAKE] cause=0
[RTC] 2026-08-19 03:41:08 (from RTC)
[EPD] initialized (1200x1600)
[BAT] 4060mV -> 92%
[SD] mounted
[WIFI] connected, IP 192.168.1.252
[RTC] NTP sync ok (RTC updated).
[WX] noon entry 0 s from target
[WX] light rain, 23.6 C
[BAT] 4052mV -> 91%
[PROMPT]
Create a portrait artwork in the style of Wassily Kandinsky inspired abstract art with bold shapes.
The scene MUST contain these facts drawn as objects INSIDE the scene, not as text overlays:
- Weekday: Wednesday
- Date: 19 August 2026
- Weather: light rain, 24 C
- Battery: 91%
Integrate them naturally, e.g.:
- date on a calendar page / clock / newspaper within the scene,
- weather shown through the sky and scene details (sun, clouds, rain, snow, wind...),
- battery level as a small battery indicator on a device or object in the scene.
Composition: portrait 3:4, flat bold shapes, limited palette dominated by black, white, red, green, blue and yellow (6-color e-paper). Keep all important content in the central area (edges may be cropped). Text must be legible but stylized. No watermark, no border, no text outside the scene.
[AI] POST /v1/images/generations ...
[AI] response body: 2828044 bytes
ESP-ROM:esp32s3-20210327
Build:Mar 27 2021
rst:0xc (RTC_SW_CPU_RST),boot:0x29 (SPI_FAST_FLASH_BOOT)
Saved PC:0x420b18e6
SPIWP:0xee
mode:DIO, clock div:1
load:0x3fce3808,len:0x4bc
load:0x403c9700,len:0xbd8
load:0x403cc700,len:0x2a0c
entry 0x403c98d0
=======================================
  reTerminal E1004 AI image
=======================================
[WAKE] cause=0
[RTC] 2026-08-19 02:42:05 (from RTC)
[EPD] initialized (1200x1600)
[BAT] 4064mV -> 92%
[SD] mounted
[WIFI] connected, IP 192.168.1.252
[RTC] NTP sync ok (RTC updated).
[WX] noon entry 0 s from target
[WX] light rain, 23.6 C
[BAT] 4060mV -> 92%
[PROMPT]
Create a portrait artwork in the style of Wassily Kandinsky inspired abstract art with bold shapes.
The scene MUST contain these facts drawn as objects INSIDE the scene, not as text overlays:
- Weekday: Wednesday
- Date: 19 August 2026
- Weather: light rain, 24 C
- Battery: 92%
Integrate them naturally, e.g.:
- date on a calendar page / clock / newspaper within the scene,
- weather shown through the sky and scene details (sun, clouds, rain, snow, wind...),
- battery level as a small battery indicator on a device or object in the scene.
Composition: portrait 3:4, flat bold shapes, limited palette dominated by black, white, red, green, blue and yellow (6-color e-paper). Keep all important content in the central area (edges may be cropped). Text must be legible but stylized. No watermark, no border, no text outside the scene.
[AI] POST /v1/images/generations ...
[AI] response body: 2758744 bytes
ESP-ROM:esp32s3-20210327
Build:Mar 27 2021
rst:0xc (RTC_SW_CPU_RST),boot:0x29 (SPI_FAST_FLASH_BOOT)
Saved PC:0x420b18e6
SPIWP:0xee
mode:DIO, clock div:1
load:0x3fce3808,len:0x4bc
load:0x403c9700,len:0xbd8
load:0x403cc700,len:0x2a0c
entry 0x403c98d0
=======================================
  reTerminal E1004 AI image
=======================================
[WAKE] cause=0
[RTC] 2026-08-19 01:43:03 (from RTC)
[EPD] initialized (1200x1600)
[BAT] 4068mV -> 92%
[SD] mounted
[WIFI] connected, IP 192.168.1.252
[RTC] NTP sync ok (RTC updated).
[WX] noon entry 0 s from target
[WX] light rain, 23.6 C
[BAT] 4068mV -> 92%
[PROMPT]
Create a portrait artwork in the style of Wassily Kandinsky inspired abstract art with bold shapes.
The scene MUST contain these facts drawn as objects INSIDE the scene, not as text overlays:
- Weekday: Wednesday
- Date: 19 August 2026
- Weather: light rain, 24 C
- Battery: 92%
Integrate them naturally, e.g.:
- date on a calendar page / clock / newspaper within the scene,
- weather shown through the sky and scene details (sun, clouds, rain, snow, wind...),
- battery level as a small battery indicator on a device or object in the scene.
Composition: portrait 3:4, flat bold shapes, limited palette dominated by black, white, red, green, blue and yellow (6-color e-paper). Keep all important content in the central area (edges may be cropped). Text must be legible but stylized. No watermark, no border, no text outside the scene.
[AI] POST /v1/images/generations ...
