ESP-ROM:esp32s3-20210327
Build:Mar 27 2021
rst:0x1 (POWERON),boot:0x29 (SPI_FAST_FLASH_BOOT)
SPIWP:0xee
mode:DIO, clock div:1
load:0x3fce3808,len:0x4bc
load:0x403c9700,len:0xbd8
load:0x403cc700,len:0x2a0c
entry 0x403c98d0
=======================================
  reTerminal E1004 AI image
=======================================
[WAKE] cause=0
[RTC] 2026-08-18 21:49:22 (from RTC)
[EPD] initialized (1200x1600)
[BAT] 4070mV -> 92%
[SD] mounted
[WIFI] connected, IP 192.168.1.252
[RTC] NTP sync ok (RTC updated).
[WX] no forecast entry within +-21600 s of noon (best 21601 s)
[WX] forecast failed - falling back to current weather
[WX] current: broken clouds, 23.0 C
[BAT] 4060mV -> 92%
[PROMPT]
Create a portrait artwork in the style of Japanese Anime style.
The scene MUST contain these facts drawn as objects INSIDE the scene, not as text overlays:
- Weekday: Tuesday
- Date: 18 August 2026
- Weather: broken clouds, 23 C
- Battery: 92%
Integrate them naturally, e.g.:
- date on a calendar page / clock / newspaper within the scene,
- weather shown through the sky and scene details (sun, clouds, rain, snow, wind...),
- battery level as a small battery indicator on a device or object in the scene.
Composition: portrait 3:4, flat bold shapes, limited palette dominated by black, white, red, green, blue and yellow (6-color e-paper). Keep all important content in the central area (edges may be cropped). Text must be legible but stylized. No watermark, no border, no text outside the scene.
[AI] POST /v1/images/generations ...
[AI] response body: 3079028 bytes
[AI] response head: {
  "created": 1787133005,
  "background": "opaque",
  "data": [
    {
      "b64_json": "iVBORw0KGgoAAAANSUhEUgAABAAAAAQACAIAAADwf7zUAABxYmNhQlgAAHFianVtYgAAAB5qdW1kYzJwYQARABCAAACqADibcQNjMnBhAAAAcTxqdW1iAAAAR2p1bWRjMm1hABEAEIAAAKoAOJtxA3VybjpjMnBhOjk5Y
[PIPE] PNG open failed
[ERR] ERR_DECODE: Image processing failed.
[SLEEP] deep sleep 54510 s (next 01:00), button GPIO4
